{
  "name": "morpheus",
  "job": "leader",
  "id": "438",
  "createdAt": "2020-12-21T10:31:51.711Z"
}